Replace Part B1 MCP73831T-2ATI_OT in C:\Users\safan\OneDrive\Desktop\charging-module\charging-module.SchDoc with MCP73831T-2ATI_OT from MCP73831T-2ATI_OT.SchLib
Replace Part C1 GRM319R61C226ME15D in C:\Users\safan\OneDrive\Desktop\charging-module\charging-module.SchDoc with GRM319R61C226ME15D from CAP123.IntLib
Replace Part C2 GRM188R61A475ME15D in C:\Users\safan\OneDrive\Desktop\charging-module\charging-module.SchDoc with GRM188R61A475ME15D from capacitor_murata_0603.IntLib
Replace Part C3 GRM188R61A475ME15D in C:\Users\safan\OneDrive\Desktop\charging-module\charging-module.SchDoc with GRM188R61A475ME15D from capacitor_murata_0603.IntLib
Replace Part C4 GRM319R61C226ME15D in C:\Users\safan\OneDrive\Desktop\charging-module\charging-module.SchDoc with GRM319R61C226ME15D from CAP123.IntLib
Replace Part D1 LG L29K-G2J1-24-Z in C:\Users\safan\OneDrive\Desktop\charging-module\charging-module.SchDoc with LG L29K-G2J1-24-Z from iMX6 Rex Development Baseboard V1I1.IntLib
Replace Part D2 LS L29K-H1J2-1-Z in C:\Users\safan\OneDrive\Desktop\charging-module\charging-module.SchDoc with LS L29K-H1J2-1-Z from iMX6 Rex Development Baseboard V1I1.IntLib
Replace Part D3 B560C-13-F in C:\Users\safan\OneDrive\Desktop\charging-module\charging-module.SchDoc with B560C-13-F from iMX6 Rex Development Baseboard V1I1.IntLib
Replace Part D4 B560C-13-F in C:\Users\safan\OneDrive\Desktop\charging-module\charging-module.SchDoc with B560C-13-F from iMX6 Rex Development Baseboard V1I1.IntLib
Replace Part D5 B560C-13-F in C:\Users\safan\OneDrive\Desktop\charging-module\charging-module.SchDoc with B560C-13-F from iMX6 Rex Development Baseboard V1I1.IntLib
Replace Part J1 S2B-PH-K-S_LF__SN_ in C:\Users\safan\OneDrive\Desktop\charging-module\charging-module.SchDoc with S2B-PH-K-S_LF__SN_ from S2B-PH-K-S_LF__SN_.SchLib
Replace Part J2 217183-0001 in C:\Users\safan\OneDrive\Desktop\charging-module\charging-module.SchDoc with 217183-0001 from 217183-0001.SchLib
Replace Part J3 217183-0001 in C:\Users\safan\OneDrive\Desktop\charging-module\charging-module.SchDoc with 217183-0001 from 217183-0001.SchLib
Replace Part L1 Inductor in C:\Users\safan\OneDrive\Desktop\charging-module\charging-module.SchDoc with Inductor from Miscellaneous Devices.IntLib
Replace Part Q1 2N7002BKW,115 in C:\Users\safan\OneDrive\Desktop\charging-module\charging-module.SchDoc with 2N7002BKW,115 from iMX6 Rex Development Baseboard V1I1.IntLib
Replace Part R1 ERJ-2RKF7503X in C:\Users\safan\OneDrive\Desktop\charging-module\charging-module.SchDoc with ERJ-2RKF7503X from Panasonic_ERJ_0402.IntLib
Replace Part R2 RC0402FR-071KL in C:\Users\safan\OneDrive\Desktop\charging-module\charging-module.SchDoc with RC0402FR-071KL from iMX6 Rex Development Baseboard V1I1.IntLib
Replace Part R3 RC0402FR-072K2L in C:\Users\safan\OneDrive\Desktop\charging-module\charging-module.SchDoc with RC0402FR-072K2L from iMX6 Rex Development Baseboard V1I1.IntLib
Replace Part R4 ERJ-3EKF7502V in C:\Users\safan\OneDrive\Desktop\charging-module\charging-module.SchDoc with ERJ-3EKF7502V from Panasonic_ERJ_0603.IntLib
Replace Part R5 ERJ-2RKF7503X in C:\Users\safan\OneDrive\Desktop\charging-module\charging-module.SchDoc with ERJ-2RKF7503X from Panasonic_ERJ_0402.IntLib
Replace Part R6 ERJ-3EKF7502V in C:\Users\safan\OneDrive\Desktop\charging-module\charging-module.SchDoc with ERJ-3EKF7502V from Panasonic_ERJ_0603.IntLib
Replace Part R7 ERJ-3EKF1003V in C:\Users\safan\OneDrive\Desktop\charging-module\charging-module.SchDoc with ERJ-3EKF1003V from Panasonic_ERJ_0603.IntLib
Replace Part R8 ERJ-3EKF4701V in C:\Users\safan\OneDrive\Desktop\charging-module\charging-module.SchDoc with ERJ-3EKF4701V from Panasonic_ERJ_0603.IntLib
Replace Part R9 ERJ-3EKF4992V in C:\Users\safan\OneDrive\Desktop\charging-module\charging-module.SchDoc with ERJ-3EKF4992V from Panasonic_ERJ_0603.IntLib
Replace Part R10 ERJ-3EKF4992V in C:\Users\safan\OneDrive\Desktop\charging-module\charging-module.SchDoc with ERJ-3EKF4992V from Panasonic_ERJ_0603.IntLib
Replace Part R11 ERJ-2GEJ563X in C:\Users\safan\OneDrive\Desktop\charging-module\charging-module.SchDoc with ERJ-2GEJ563X from Panasonic_ERJ_0402.IntLib
Replace Part R12 ERJ-8ENF5101V in C:\Users\safan\OneDrive\Desktop\charging-module\charging-module.SchDoc with ERJ-8ENF5101V from Panasonic_ERJ_1206.IntLib
Replace Part R13 ERJ-2GEJ563X in C:\Users\safan\OneDrive\Desktop\charging-module\charging-module.SchDoc with ERJ-2GEJ563X from Panasonic_ERJ_0402.IntLib
Replace Part R14 ERJ-8ENF5101V in C:\Users\safan\OneDrive\Desktop\charging-module\charging-module.SchDoc with ERJ-8ENF5101V from Panasonic_ERJ_1206.IntLib
Replace Part R15 ERJ-1GEF1002C in C:\Users\safan\OneDrive\Desktop\charging-module\charging-module.SchDoc with ERJ-1GEF1002C from Panasonic_ERJ_0201.IntLib
Replace Part R17 ERJ-3EKF1003V in C:\Users\safan\OneDrive\Desktop\charging-module\charging-module.SchDoc with ERJ-3EKF1003V from Panasonic_ERJ_0603.IntLib
Replace Part R18 ERJ-3EKF1003V in C:\Users\safan\OneDrive\Desktop\charging-module\charging-module.SchDoc with ERJ-3EKF1003V from Panasonic_ERJ_0603.IntLib
Replace Part S1 450301014042 in C:\Users\safan\OneDrive\Desktop\charging-module\charging-module.SchDoc with 450301014042 from 450301014042.IntLib
Replace Part U1 PAM2401YPADJ in C:\Users\safan\OneDrive\Desktop\charging-module\charging-module.SchDoc with PAM2401YPADJ from PAM2401YPADJ.IntLib
Replace Part U2 DMG3415U-7 in C:\Users\safan\OneDrive\Desktop\charging-module\charging-module.SchDoc with DMG3415U-7 from DMG3415U-7.IntLib
